Last login: Tue Dec 12 12:00:07 on ttys002
Epicodus-6C:~ Guest$ cd Desktop/
Epicodus-6C:Desktop Guest$ git clone https://github.com/lenjha/think.git
Cloning into 'think'...
remote: Counting objects: 67, done.
remote: Compressing objects: 100% (47/47), done.
remote: Total 67 (delta 19), reused 67 (delta 19), pack-reused 0
Unpacking objects: 100% (67/67), done.
Epicodus-6C:Desktop Guest$ cd think
Epicodus-6C:think Guest$ git checkout c7650df43b6
Note: checking out 'c7650df43b6'.

You are in 'detached HEAD' state. You can look around, make experimental
changes and commit them, and you can discard any commits you make in this
state without impacting any branches by performing another checkout.

If you want to create a new branch to retain commits you create, you may
do so (now or later) by using -b with the checkout command again. Example:

  git checkout -b <new-branch-name>

HEAD is now at c7650df... tinker desktop version model, discover issue with margins
Epicodus-6C:think Guest$ git remote rm origin
Epicodus-6C:think Guest$ git remote add lh https://github.com/lenjha/think-2.gitorigin
Epicodus-6C:think Guest$ git status
HEAD detached at c7650df
nothing to commit, working tree clean
Epicodus-6C:think Guest$ git commit "test commit"
error: pathspec 'test commit' did not match any file(s) known to git.
Epicodus-6C:think Guest$ git remote add https://github.com/lenjha/think-2.git origin
fatal: 'https://github.com/lenjha/think-2.git' is not a valid remote name
Epicodus-6C:think Guest$ git remote add lh https://github.com/lenjha/think-2.git origin
usage: git remote add [<options>] <name> <url>

    -f, --fetch           fetch the remote branches
    --tags                import all tags and associated objects when fetching
                          or do not fetch any tag at all (--no-tags)
    -t, --track <branch>  branch(es) to track
    -m, --master <branch>
                          master branch
    --mirror[=<push|fetch>]
                          set up remote as a mirror to push to or fetch from

Epicodus-6C:think Guest$ git status
HEAD detached at c7650df
nothing to commit, working tree clean
Epicodus-6C:think Guest$ git commit -m "test"
HEAD detached at c7650df
nothing to commit, working tree clean
Epicodus-6C:think Guest$ atom .
Epicodus-6C:think Guest$ git commit -m "test commit"
HEAD detached at c7650df
Changes not staged for commit:
	modified:   css/styles.css

no changes added to commit
Epicodus-6C:think Guest$ git add remote lh https://github.com/lenjha/think-2.git
fatal: pathspec 'remote' did not match any files
Epicodus-6C:think Guest$ git add lh https://github.com/lenjha/think-2.git
fatal: pathspec 'lh' did not match any files
Epicodus-6C:think Guest$ git add lh https://github.com/lenjha/think-2.git origin
fatal: pathspec 'lh' did not match any files
Epicodus-6C:think Guest$ git remote rm origin
fatal: No such remote: origin
Epicodus-6C:think Guest$ git remote add https://github.com/lenjha/think-2.git origin
fatal: 'https://github.com/lenjha/think-2.git' is not a valid remote name
Epicodus-6C:think Guest$ git remote add https://github.com/lenjha/think.git origin
fatal: 'https://github.com/lenjha/think.git' is not a valid remote name
Epicodus-6C:think Guest$ git remote add lh https://github.com/lenjha/think-2.git origin
usage: git remote add [<options>] <name> <url>

    -f, --fetch           fetch the remote branches
    --tags                import all tags and associated objects when fetching
                          or do not fetch any tag at all (--no-tags)
    -t, --track <branch>  branch(es) to track
    -m, --master <branch>
                          master branch
    --mirror[=<push|fetch>]
                          set up remote as a mirror to push to or fetch from

Epicodus-6C:think Guest$ git remote add lh https://github.com/lenjha/think-2.git
fatal: remote lh already exists.
Epicodus-6C:think Guest$ git add .
Epicodus-6C:think Guest$ git commit -m "test commit"
[detached HEAD f69ec54] test commit
 Committer: Guest User <Guest@Epicodus-6C.local>
Your name and email address were configured automatically based
on your username and hostname. Please check that they are accurate.
You can suppress this message by setting them explicitly:

    git config --global user.name "Your Name"
    git config --global user.email you@example.com

After doing this, you may fix the identity used for this commit with:

    git commit --amend --reset-author

 1 file changed, 2 insertions(+), 1 deletion(-)
Epicodus-6C:think Guest$ git push lh master
Username for 'https://github.com': lenjha
Password for 'https://lenjha@github.com':
remote: Repository not found.
fatal: repository 'https://github.com/lenjha/think-2.gitorigin/' not found
Epicodus-6C:think Guest$ git remote add lh https://github.com/lenjha/think-2.gitorigin
fatal: remote lh already exists.
Epicodus-6C:think Guest$ git remote add ll https://github.com/lenjha/think-2.gitorigin
Epicodus-6C:think Guest$ git add .
Epicodus-6C:think Guest$ git commit -m "test"
HEAD detached from c7650df
nothing to commit, working tree clean
Epicodus-6C:think Guest$ git push ll master
Username for 'https://github.com': lenjha
Password for 'https://lenjha@github.com':
remote: Repository not found.
fatal: repository 'https://github.com/lenjha/think-2.gitorigin/' not found
Epicodus-6C:think Guest$ git remote add la https://github.com/lenjha/think-2.git
Epicodus-6C:think Guest$ git push la master
Username for 'https://github.com': lenjha
Password for 'https://lenjha@github.com':
Counting objects: 67, done.
Delta compression using up to 4 threads.
Compressing objects: 100% (66/66), done.
Writing objects: 100% (67/67), 2.09 MiB | 0 bytes/s, done.
Total 67 (delta 19), reused 0 (delta 0)
remote: Resolving deltas: 100% (19/19), done.
To https://github.com/lenjha/think-2.git
 * [new branch]      master -> master
Epicodus-6C:think Guest$ git status
HEAD detached from c7650df
nothing to commit, working tree clean
Epicodus-6C:think Guest$ git add .
Epicodus-6C:think Guest$ git commit -m "test"
[detached HEAD 52fa566] test
 Committer: Guest User <Guest@Epicodus-6C.local>
Your name and email address were configured automatically based
on your username and hostname. Please check that they are accurate.
You can suppress this message by setting them explicitly:

    git config --global user.name "Your Name"
    git config --global user.email you@example.com

After doing this, you may fix the identity used for this commit with:

    git commit --amend --reset-author

 2 files changed, 25 insertions(+), 13 deletions(-)
Epicodus-6C:think Guest$ git push la origin
error: src refspec origin does not match any.
error: failed to push some refs to 'https://github.com/lenjha/think-2.git'
Epicodus-6C:think Guest$ git push la master
Username for 'https://github.com': lenjha
Password for 'https://lenjha@github.com':
Everything up-to-date
Epicodus-6C:think Guest$ git checkout c7650df43b6
error: Your local changes to the following files would be overwritten by checkout:
	css/styles.css
Please commit your changes or stash them before you switch branches.
Aborting
Epicodus-6C:think Guest$ git add .
Epicodus-6C:think Guest$ git commit -m "test"
[detached HEAD 8c70e98] test
 Committer: Guest User <Guest@Epicodus-6C.local>
Your name and email address were configured automatically based
on your username and hostname. Please check that they are accurate.
You can suppress this message by setting them explicitly:

    git config --global user.name "Your Name"
    git config --global user.email you@example.com

After doing this, you may fix the identity used for this commit with:

    git commit --amend --reset-author

 1 file changed, 4 insertions(+), 2 deletions(-)
Epicodus-6C:think Guest$ git checkout c7650df43b6
Warning: you are leaving 3 commits behind, not connected to
any of your branches:

  8c70e98 test
  52fa566 test
  f69ec54 test commit

If you want to keep them by creating a new branch, this may be a good time
to do so with:

 git branch <new-branch-name> 8c70e98

HEAD is now at c7650df... tinker desktop version model, discover issue with margins
Epicodus-6C:think Guest$ cd ..
Epicodus-6C:Desktop Guest$ git clone https://github.com/lenjha/think.git
fatal: destination path 'think' already exists and is not an empty directory.
Epicodus-6C:Desktop Guest$ mkdir test
Epicodus-6C:Desktop Guest$ cd test
Epicodus-6C:test Guest$ git clone https://github.com/lenjha/think.git
Cloning into 'think'...
remote: Counting objects: 67, done.
remote: Compressing objects: 100% (47/47), done.
remote: Total 67 (delta 19), reused 67 (delta 19), pack-reused 0
Unpacking objects: 100% (67/67), done.
Epicodus-6C:test Guest$ atom .
Epicodus-6C:test Guest$ cd think/
Epicodus-6C:think Guest$ git add .
Epicodus-6C:think Guest$ git commit -m "adjustments, ask about git issues"
[master a4ab1f3] adjustments, ask about git issues
 Committer: Guest User <Guest@Epicodus-6C.local>
Your name and email address were configured automatically based
on your username and hostname. Please check that they are accurate.
You can suppress this message by setting them explicitly:

    git config --global user.name "Your Name"
    git config --global user.email you@example.com

After doing this, you may fix the identity used for this commit with:

    git commit --amend --reset-author

 2 files changed, 26 insertions(+), 44 deletions(-)
Epicodus-6C:think Guest$ git push lh master
fatal: 'lh' does not appear to be a git repository
fatal: Could not read from remote repository.

Please make sure you have the correct access rights
and the repository exists.
Epicodus-6C:think Guest$ git remote add lh https://github.com/lenjha/think.git
Epicodus-6C:think Guest$ git push lh master
Username for 'https://github.com': lenjha
Password for 'https://lenjha@github.com':
Counting objects: 5, done.
Delta compression using up to 4 threads.
Compressing objects: 100% (5/5), done.
Writing objects: 100% (5/5), 784 bytes | 0 bytes/s, done.
Total 5 (delta 4), reused 0 (delta 0)
remote: Resolving deltas: 100% (4/4), completed with 4 local objects.
To https://github.com/lenjha/think.git
   8fe2fe1..a4ab1f3  master -> master
Epicodus-6C:think Guest$ git add .
Epicodus-6C:think Guest$ git commit -m "add s12, desktop size restriction"
[master 92088cf] add s12, desktop size restriction
 Committer: Guest User <Guest@Epicodus-6C.local>
Your name and email address were configured automatically based
on your username and hostname. Please check that they are accurate.
You can suppress this message by setting them explicitly:

    git config --global user.name "Your Name"
    git config --global user.email you@example.com

After doing this, you may fix the identity used for this commit with:

    git commit --amend --reset-author

 2 files changed, 5 insertions(+), 10 deletions(-)
Epicodus-6C:think Guest$ git push lh master
Username for 'https://github.com': lenjha
Password for 'https://lenjha@github.com':
Counting objects: 5, done.
Delta compression using up to 4 threads.
Compressing objects: 100% (5/5), done.
Writing objects: 100% (5/5), 502 bytes | 0 bytes/s, done.
Total 5 (delta 4), reused 0 (delta 0)
remote: Resolving deltas: 100% (4/4), completed with 4 local objects.
To https://github.com/lenjha/think.git
   a4ab1f3..92088cf  master -> master
Epicodus-6C:think Guest$
